<html>
<body>
<pre>
<h1>µVision Build Log</h1>
<h2>Project:</h2>
F:\Semester 5\Computer Architecture and Organisation\Lab\learn-ARM\ARM Programs\ARM_Programs.uvproj
Project File Date:  10/09/2016

<h2>Output:</h2>
Build target 'Target 1'
assembling how_to_divide_two_numbers.asm...
linking...
Program Size: Code=64 RO-data=0 RW-data=0 ZI-data=0  
".\ARM_Programs.axf" - 0 Error(s), 0 Warning(s).
</pre>
</body>
</html>
\how_to_divide_two_numbers.asm(6): error: A1110E: Expected constant expression
how_to_divide_two_numbers\how_to_divide_two_numbers.asm(18): error: A1516E: Bad symbol 'X00', not defined or external
".\ARM_Programs.axf" - 2 Error(s), 1 Warning(s).
Target not created
arget not created
