


ARM Macro Assembler    Page 1 


    1 00000000                 area             program, code, readonly
    2 00000000         entry
    3 00000000         main
    4 00000000 E59F1008        LDR              R1, value1
    5 00000004 E59F2008        LDR              R2, value2
    6 00000008 E1A01232        MOV              R1,R2,LSR R2
    7 0000000C EF000011        SWI              &11
    8 00000010                 area             program, data, readonly
    9 00000010 00000005 
                       value1  DCD              &00000005
   10 00000014 00000003 
                       value2  DCD              &00000003
   11 00000018                 END
Command Line: --debug --xref --bi --apcs=interwork --depend=.\shift_right_by_no
_of_bits_stored_in_a_register.d -o.\shift_right_by_no_of_bits_stored_in_a_regis
ter.o -IC:\Keil\ARM\RV31\INC -IC:\Keil\ARM\CMSIS\Include --predefine="__EVAL SE
TA 1" --list=.\shift_right_by_no_of_bits_stored_in_a_register.lst shift_right_b
y_no_of_bits_stored_in_a_register\shift_right_by_no_of_bits_stored_in_a_registe
r.asm



ARM Macro Assembler    Page 1 Alphabetic symbol ordering
Relocatable symbols

entry 00000000

Symbol: entry
   Definitions
      At line 2 in file shift_right_by_no_of_bits_stored_in_a_register\shift_ri
ght_by_no_of_bits_stored_in_a_register.asm
   Uses
      None
Comment: entry unused
main 00000000

Symbol: main
   Definitions
      At line 3 in file shift_right_by_no_of_bits_stored_in_a_register\shift_ri
ght_by_no_of_bits_stored_in_a_register.asm
   Uses
      None
Comment: main unused
program 00000000

Symbol: program
   Definitions
      At line 1 in file shift_right_by_no_of_bits_stored_in_a_register\shift_ri
ght_by_no_of_bits_stored_in_a_register.asm
   Uses
      None
Comment: program unused
value1 00000010

Symbol: value1
   Definitions
      At line 9 in file shift_right_by_no_of_bits_stored_in_a_register\shift_ri
ght_by_no_of_bits_stored_in_a_register.asm
   Uses
      At line 4 in file shift_right_by_no_of_bits_stored_in_a_register\shift_ri
ght_by_no_of_bits_stored_in_a_register.asm
Comment: value1 used once
value2 00000014

Symbol: value2
   Definitions
      At line 10 in file shift_right_by_no_of_bits_stored_in_a_register\shift_r
ight_by_no_of_bits_stored_in_a_register.asm
   Uses
      At line 5 in file shift_right_by_no_of_bits_stored_in_a_register\shift_ri
ght_by_no_of_bits_stored_in_a_register.asm
Comment: value2 used once
5 symbols
336 symbols in table
